// Jest Snapshot v1, https://goo.gl/fbAQLP

exports[`<WeatherLabel /> Should render and match snapshot 1`] = `
<span>
  label
  :
  <span
    className="font-bold"
  >
     
    1
     
    unit
  </span>
</span>
`;
